Archive member included to satisfy reference by file (symbol)

/usr/lib/gcc/riscv64-unknown-elf/10.2.0/rv32i/ilp32/libgcc.a(div.o)
                              build/utils.o (__divsi3)

Discarded input sections

 .text          0x0000000000000000        0x0 build/firmware.o
 .data          0x0000000000000000        0x0 build/firmware.o
 .bss           0x0000000000000000        0x0 build/firmware.o
 .text.putchar  0x0000000000000000       0x20 build/firmware.o
 .text.print    0x0000000000000000       0x40 build/firmware.o
 .text.getchar_prompt
                0x0000000000000000       0xcc build/firmware.o
 .text.getchar  0x0000000000000000       0x20 build/firmware.o
 .text.cmd_set_crm
                0x0000000000000000       0x38 build/firmware.o
 .text.cmd_get_crm
                0x0000000000000000       0x14 build/firmware.o
 .text.cmd_set_dspi
                0x0000000000000000       0x38 build/firmware.o
 .text.cmd_get_dspi
                0x0000000000000000       0x14 build/firmware.o
 .text          0x0000000000000000        0x0 build/utils.o
 .data          0x0000000000000000        0x0 build/utils.o
 .bss           0x0000000000000000        0x0 build/utils.o
 .text.strxcpy  0x0000000000000000       0x38 build/utils.o
 .text.strxlen  0x0000000000000000       0x28 build/utils.o
 .data          0x0000000000000000        0x0 build/crt_flash.o
 .bss           0x0000000000000000        0x0 build/crt_flash.o
 .data          0x0000000000000000        0x0 /usr/lib/gcc/riscv64-unknown-elf/10.2.0/rv32i/ilp32/libgcc.a(div.o)
 .bss           0x0000000000000000        0x0 /usr/lib/gcc/riscv64-unknown-elf/10.2.0/rv32i/ilp32/libgcc.a(div.o)

Memory Configuration

Name             Origin             Length             Attributes
FLASH            0x0000000000000000 0x0000000000800000 xr
RAM              0x0000000040000000 0x0000000000002000 xrw
*default*        0x0000000000000000 0xffffffffffffffff

Linker script and memory map

LOAD build/firmware.o
LOAD build/utils.o
LOAD build/crt_flash.o
LOAD /usr/lib/gcc/riscv64-unknown-elf/10.2.0/rv32i/ilp32/libgcc.a
                0x0000000000000400                _stack_size = DEFINED (_stack_size)?_stack_size:0x400
                0x0000000000000000                _heap_size = DEFINED (_heap_size)?_heap_size:0x0

.vector         0x0000000000000000        0x0
                0x0000000000000000                . = ALIGN (0x4)
 *crt.o(.text)

.text           0x0000000000000000     0x2750
                0x0000000000000000                . = ALIGN (0x4)
 *(.text)
 .text          0x0000000000000000      0x134 build/crt_flash.o
                0x0000000000000000                crtStart
                0x0000000000000010                trap_entry
 .text          0x0000000000000134       0xb4 /usr/lib/gcc/riscv64-unknown-elf/10.2.0/rv32i/ilp32/libgcc.a(div.o)
                0x0000000000000134                __divsi3
                0x000000000000013c                __udivsi3
                0x0000000000000184                __umodsi3
                0x00000000000001b8                __modsi3
 *(.text*)
 .text.cmd_read_flash_id
                0x00000000000001e8      0x148 build/firmware.o
                0x00000000000001e8                cmd_read_flash_id
 .text.cmd_benchmark
                0x0000000000000330      0x320 build/firmware.o
                0x0000000000000330                cmd_benchmark
 .text.cmd_benchmark_all
                0x0000000000000650      0x570 build/firmware.o
                0x0000000000000650                cmd_benchmark_all
 .text.startup.main
                0x0000000000000bc0      0xfa8 build/firmware.o
                0x0000000000000bc0                main
 .text.irqCallback
                0x0000000000001b68        0x4 build/firmware.o
                0x0000000000001b68                irqCallback
 .text.print_num
                0x0000000000001b6c      0x39c build/utils.o
                0x0000000000001b6c                print_num
 .text.xsnprintf
                0x0000000000001f08      0x458 build/utils.o
                0x0000000000001f08                xsnprintf
 *(.rodata)
 *(.rodata*)
 .rodata.cmd_benchmark.str1.4
                0x0000000000002360       0x23 build/firmware.o
 *fill*         0x0000000000002383        0x1 
 .rodata.cmd_benchmark_all.str1.4
                0x0000000000002384       0x42 build/firmware.o
                                         0x4e (size before relaxing)
 *fill*         0x00000000000023c6        0x2 
 .rodata.main.str1.4
                0x00000000000023c8      0x24c build/firmware.o
 .rodata.main   0x0000000000002614      0x10c build/firmware.o
 .rodata.str1.4
                0x0000000000002720        0x6 build/firmware.o
 *fill*         0x0000000000002726        0x2 
 .rodata.print_num.str1.4
                0x0000000000002728       0x25 build/utils.o
 *(.srodata)
 *(.srodata*)
 *(.eh_frame_hdr)
 *(.eh_frame)
                0x0000000000002750                . = ALIGN (0x4)
 *fill*         0x000000000000274d        0x3 
                0x0000000000002750                _etext = .
                0x0000000000002750                _sidata = _etext

.rela.dyn       0x0000000000002750        0x0
 .rela.text     0x0000000000002750        0x0 build/firmware.o

.rodata
 *(.rdata)
 *(.rodata .rodata.*)
 *(.gnu.linkonce.r.*)

.ctors          0x0000000000002750        0x0
                0x0000000000002750                . = ALIGN (0x4)
                0x0000000000002750                _ctors_start = .
 *(.init_array*)
 *(SORT_BY_NAME(.ctors.*))
 *(.ctors)
                0x0000000000002750                . = ALIGN (0x4)
                0x0000000000002750                _ctors_end = .

.data           0x0000000040000000       0xf8 load address 0x0000000000002750
                0x0000000040000000                . = ALIGN (0x4)
                0x0000000040000000                _sdata = .
                0x0000000040000000                _ram_start = .
                0x0000000040000000                . = ALIGN (0x4)
 *(.data)
 *(.data*)
 .data.strpg    0x0000000040000000       0xed build/firmware.o
                0x0000000040000000                strpg
 *(.gnu.linkonce.d.*)
                0x00000000400000f0                . = ALIGN (0x8)
 *fill*         0x00000000400000ed        0x3 
                0x00000000400008f0                PROVIDE (__global_pointer$ = (. + 0x800))
 *(.sdata)
 *(.sdata*)
 .sdata.BUILD   0x00000000400000f0        0x4 build/firmware.o
                0x00000000400000f0                BUILD
 .sdata.spi_flashio
                0x00000000400000f4        0x4 build/firmware.o
                0x00000000400000f4                spi_flashio
 *(.gnu.linkonce.s.*)
                0x00000000400000f8                . = ALIGN (0x4)
                0x00000000400000f8                _edata = .

.bss            0x00000000400000f8        0x4 load address 0x0000000000002848
                0x00000000400000f8                . = ALIGN (0x4)
                0x00000000400000f8                _bss_start = .
 *(.bss)
 *(.bss*)
 *(.sbss)
 *(.sbss*)
 .sbss.i        0x00000000400000f8        0x4 build/firmware.o
                0x00000000400000f8                i
 *(.gnu.linkonce.sb.*)
 *(.gnu.linkonce.b.*)
 *(COMMON)
                0x00000000400000fc                . = ALIGN (0x4)
                0x00000000400000fc                _bss_end = .
                0x00000000400000fc                _end = .
                [!provide]                        PROVIDE (end = .)

.heap           0x00000000400000fc        0x4 load address 0x000000000000284c
                0x0000000040000100                . = ALIGN (0x8)
 *fill*         0x00000000400000fc        0x4 
                [!provide]                        PROVIDE (_heap_start = .)
                0x0000000040000100                . = (. + _heap_size)
                0x0000000040000100                . = ALIGN (0x8)
                [!provide]                        PROVIDE (_heap_end = .)

.stack          0x0000000040000100      0x400 load address 0x0000000000002850
                0x0000000040000100                . = ALIGN (0x10)
                [!provide]                        PROVIDE (_stack_end = .)
                0x0000000000000400                . = _stack_size
 *fill*         0x0000000040000100      0x400 
                0x0000000040000500                . = ALIGN (0x10)
                0x0000000040000500                PROVIDE (_stack_start = .)
OUTPUT(build/fw-flash.elf elf32-littleriscv)

.debug_info     0x0000000000000000     0x24ef
 .debug_info    0x0000000000000000     0x1eab build/firmware.o
 .debug_info    0x0000000000001eab      0x5f8 build/utils.o
 .debug_info    0x00000000000024a3       0x26 build/crt_flash.o
 .debug_info    0x00000000000024c9       0x26 /usr/lib/gcc/riscv64-unknown-elf/10.2.0/rv32i/ilp32/libgcc.a(div.o)

.debug_abbrev   0x0000000000000000      0x555
 .debug_abbrev  0x0000000000000000      0x38c build/firmware.o
 .debug_abbrev  0x000000000000038c      0x1a1 build/utils.o
 .debug_abbrev  0x000000000000052d       0x14 build/crt_flash.o
 .debug_abbrev  0x0000000000000541       0x14 /usr/lib/gcc/riscv64-unknown-elf/10.2.0/rv32i/ilp32/libgcc.a(div.o)

.debug_loc      0x0000000000000000     0x2dba
 .debug_loc     0x0000000000000000     0x2031 build/firmware.o
 .debug_loc     0x0000000000002031      0xd89 build/utils.o

.debug_aranges  0x0000000000000000       0xf8
 .debug_aranges
                0x0000000000000000       0x80 build/firmware.o
 .debug_aranges
                0x0000000000000080       0x38 build/utils.o
 .debug_aranges
                0x00000000000000b8       0x20 build/crt_flash.o
 .debug_aranges
                0x00000000000000d8       0x20 /usr/lib/gcc/riscv64-unknown-elf/10.2.0/rv32i/ilp32/libgcc.a(div.o)

.debug_ranges   0x0000000000000000     0x17e0
 .debug_ranges  0x0000000000000000     0x1528 build/firmware.o
 .debug_ranges  0x0000000000001528      0x2b8 build/utils.o

.debug_line     0x0000000000000000     0x6c1f
 .debug_line    0x0000000000000000     0x51f8 build/firmware.o
 .debug_line    0x00000000000051f8     0x16ed build/utils.o
 .debug_line    0x00000000000068e5      0x1d8 build/crt_flash.o
 .debug_line    0x0000000000006abd      0x162 /usr/lib/gcc/riscv64-unknown-elf/10.2.0/rv32i/ilp32/libgcc.a(div.o)

.debug_str      0x0000000000000000      0x33e
 .debug_str     0x0000000000000000      0x232 build/firmware.o
                                        0x24b (size before relaxing)
 .debug_str     0x0000000000000232       0x57 build/utils.o
                                        0x138 (size before relaxing)
 .debug_str     0x0000000000000289       0x1a build/crt_flash.o
                                         0x45 (size before relaxing)
 .debug_str     0x00000000000002a3       0x9b /usr/lib/gcc/riscv64-unknown-elf/10.2.0/rv32i/ilp32/libgcc.a(div.o)
                                         0xa9 (size before relaxing)

.comment        0x0000000000000000        0xf
 .comment       0x0000000000000000        0xf build/firmware.o
                                         0x10 (size before relaxing)
 .comment       0x000000000000000f       0x10 build/utils.o

.riscv.attributes
                0x0000000000000000       0x20
 .riscv.attributes
                0x0000000000000000       0x1c build/firmware.o
 .riscv.attributes
                0x000000000000001c       0x1c build/utils.o
 .riscv.attributes
                0x0000000000000038       0x1e build/crt_flash.o
 .riscv.attributes
                0x0000000000000056       0x1a /usr/lib/gcc/riscv64-unknown-elf/10.2.0/rv32i/ilp32/libgcc.a(div.o)

.debug_frame    0x0000000000000000      0x224
 .debug_frame   0x0000000000000000      0x168 build/firmware.o
 .debug_frame   0x0000000000000168       0xbc build/utils.o
